// Jest Snapshot v1, https://goo.gl/fbAQLP

exports[`execute get symbol address sum balances should return success 1`] = `
Object {
  "data": Object {
    "result": "3858950875039521157800",
  },
  "jobRunID": "1",
  "result": "3858950875039521157800",
  "statusCode": 200,
}
`;
